1 xyz
1 yxz
2 lmn
2 nnl
3 bab
3 bba
6 aaa
6 ddd
7 bbb
9 ccc
